/home/deborah/Desktop/condition_diffusion/stock_diffusion/model.py:83: UserWarning: enable_nested_tensor is True, but self.use_nested_tensor is False because encoder_layer.norm_first was True
  self.history_encoder = nn.TransformerEncoder(history_layer, encoder_layers)
step=1 loss=4.067220 time=3.218592 fft=1.000117
step=100 loss=1.710713 time=1.352611 fft=0.422027
step=200 loss=1.086456 time=0.857829 fft=0.269439
step=300 loss=0.776699 time=0.613375 fft=0.192479
step=400 loss=0.541439 time=0.427488 fft=0.134293
step=500 loss=0.399442 time=0.315155 fft=0.099334
step=600 loss=0.291410 time=0.230279 fft=0.072044
step=700 loss=0.214853 time=0.169881 fft=0.053001
step=800 loss=0.160151 time=0.127005 fft=0.039063
step=900 loss=0.125416 time=0.100377 fft=0.029509
step=1000 loss=0.079103 time=0.063877 fft=0.017943
step=1000 val_loss=0.062106
step=1100 loss=0.066275 time=0.054457 fft=0.013928
step=1200 loss=0.061107 time=0.050642 fft=0.012333
step=1300 loss=0.058037 time=0.048398 fft=0.011359
step=1400 loss=0.048262 time=0.040286 fft=0.009400
step=1500 loss=0.047420 time=0.039273 fft=0.009601
step=1600 loss=0.049639 time=0.041605 fft=0.009468
step=1700 loss=0.050892 time=0.042572 fft=0.009804
step=1800 loss=0.053418 time=0.044570 fft=0.010427
step=1900 loss=0.052922 time=0.044275 fft=0.010190
step=2000 loss=0.045991 time=0.038652 fft=0.008650
step=2000 val_loss=0.044855
step=2100 loss=0.053035 time=0.044421 fft=0.010151
step=2200 loss=0.050123 time=0.042017 fft=0.009553
step=2300 loss=0.053667 time=0.044844 fft=0.010398
step=2400 loss=0.049775 time=0.041643 fft=0.009583
step=2500 loss=0.046970 time=0.038988 fft=0.009407
step=2600 loss=0.048400 time=0.040208 fft=0.009655
step=2700 loss=0.046491 time=0.038637 fft=0.009256
step=2800 loss=0.042549 time=0.035348 fft=0.008486
step=2900 loss=0.044273 time=0.036877 fft=0.008716
step=3000 loss=0.048054 time=0.040030 fft=0.009456
step=3000 val_loss=0.040987
step=3100 loss=0.048633 time=0.040710 fft=0.009337
step=3200 loss=0.040468 time=0.033580 fft=0.008118
step=3300 loss=0.042022 time=0.035065 fft=0.008199
step=3400 loss=0.040602 time=0.033793 fft=0.008024
step=3500 loss=0.040351 time=0.033458 fft=0.008124
step=3600 loss=0.048073 time=0.040085 fft=0.009413
step=3700 loss=0.042402 time=0.035436 fft=0.008210
step=3800 loss=0.043432 time=0.036135 fft=0.008599
step=3900 loss=0.039363 time=0.032839 fft=0.007689
step=4000 loss=0.044935 time=0.037444 fft=0.008828
step=4000 val_loss=0.039158
step=4100 loss=0.044972 time=0.037500 fft=0.008806
step=4200 loss=0.042332 time=0.035314 fft=0.008271
step=4300 loss=0.042535 time=0.035368 fft=0.008446
step=4400 loss=0.044752 time=0.037092 fft=0.009027
step=4500 loss=0.038937 time=0.032201 fft=0.007940
step=4600 loss=0.044758 time=0.037236 fft=0.008865
step=4700 loss=0.038776 time=0.032230 fft=0.007714
step=4800 loss=0.041530 time=0.034507 fft=0.008277
step=4900 loss=0.043466 time=0.036154 fft=0.008617
step=5000 loss=0.040261 time=0.033352 fft=0.008143
step=5000 val_loss=0.039063
step=5100 loss=0.042883 time=0.035480 fft=0.008725
step=5200 loss=0.039818 time=0.033027 fft=0.008004
step=5300 loss=0.040126 time=0.033282 fft=0.008065
step=5400 loss=0.044806 time=0.037220 fft=0.008939
step=5500 loss=0.044849 time=0.037175 fft=0.009044
step=5600 loss=0.042503 time=0.035620 fft=0.008112
step=5700 loss=0.043031 time=0.035731 fft=0.008604
step=5800 loss=0.036682 time=0.030505 fft=0.007279
step=5900 loss=0.041016 time=0.034200 fft=0.008033
step=6000 loss=0.041709 time=0.034632 fft=0.008341
step=6000 val_loss=0.037832
step=6100 loss=0.036591 time=0.030137 fft=0.007606
step=6200 loss=0.042447 time=0.035197 fft=0.008544
step=6300 loss=0.045090 time=0.037450 fft=0.009004
step=6400 loss=0.040774 time=0.033670 fft=0.008372
step=6500 loss=0.038780 time=0.032065 fft=0.007914
step=6600 loss=0.047080 time=0.038910 fft=0.009628
step=6700 loss=0.039991 time=0.033201 fft=0.008002
step=6800 loss=0.038611 time=0.032036 fft=0.007748
step=6900 loss=0.041846 time=0.034645 fft=0.008486
step=7000 loss=0.041315 time=0.034258 fft=0.008317
step=7000 val_loss=0.036811
step=7100 loss=0.040663 time=0.033793 fft=0.008097
step=7200 loss=0.041185 time=0.034038 fft=0.008423
step=7300 loss=0.040487 time=0.033645 fft=0.008064
step=7400 loss=0.042583 time=0.035601 fft=0.008228
step=7500 loss=0.039557 time=0.032681 fft=0.008103
step=7600 loss=0.038323 time=0.031853 fft=0.007625
step=7700 loss=0.041896 time=0.034559 fft=0.008647
step=7800 loss=0.037757 time=0.031291 fft=0.007620
step=7900 loss=0.040862 time=0.033828 fft=0.008290
step=8000 loss=0.035750 time=0.029696 fft=0.007135
step=8000 val_loss=0.036981
step=8100 loss=0.041572 time=0.034545 fft=0.008281
step=8200 loss=0.036125 time=0.029886 fft=0.007353
step=8300 loss=0.039652 time=0.032938 fft=0.007913
step=8400 loss=0.036757 time=0.030418 fft=0.007471
step=8500 loss=0.042190 time=0.034857 fft=0.008642
step=8600 loss=0.043689 time=0.036200 fft=0.008827
step=8700 loss=0.038732 time=0.031988 fft=0.007948
step=8800 loss=0.040685 time=0.033618 fft=0.008329
step=8900 loss=0.036226 time=0.030068 fft=0.007257
step=9000 loss=0.039496 time=0.032656 fft=0.008061
step=9000 val_loss=0.036735
step=9100 loss=0.040000 time=0.033020 fft=0.008225
step=9200 loss=0.037440 time=0.031033 fft=0.007551
step=9300 loss=0.038466 time=0.032103 fft=0.007499
step=9400 loss=0.045204 time=0.037444 fft=0.009146
step=9500 loss=0.040647 time=0.033790 fft=0.008082
step=9600 loss=0.040045 time=0.033018 fft=0.008281
step=9700 loss=0.039499 time=0.032963 fft=0.007702
step=9800 loss=0.038788 time=0.032161 fft=0.007810
step=9900 loss=0.031643 time=0.026168 fft=0.006452
step=10000 loss=0.036977 time=0.030599 fft=0.007518
step=10000 val_loss=0.036137
step=10100 loss=0.038115 time=0.031635 fft=0.007637
step=10200 loss=0.042704 time=0.035382 fft=0.008629
step=10300 loss=0.041833 time=0.034720 fft=0.008382
step=10400 loss=0.042804 time=0.035246 fft=0.008907
step=10500 loss=0.031654 time=0.026270 fft=0.006345
step=10600 loss=0.042103 time=0.034764 fft=0.008650
step=10700 loss=0.039633 time=0.032842 fft=0.008002
step=10800 loss=0.040216 time=0.033322 fft=0.008125
step=10900 loss=0.049274 time=0.041089 fft=0.009646
step=11000 loss=0.039507 time=0.032699 fft=0.008023
step=11000 val_loss=0.036266
step=11100 loss=0.040128 time=0.033154 fft=0.008218
step=11200 loss=0.041199 time=0.034127 fft=0.008334
step=11300 loss=0.039119 time=0.032279 fft=0.008061
step=11400 loss=0.041253 time=0.034267 fft=0.008233
step=11500 loss=0.036970 time=0.030648 fft=0.007450
step=11600 loss=0.036368 time=0.030094 fft=0.007394
step=11700 loss=0.041609 time=0.034411 fft=0.008484
step=11800 loss=0.034680 time=0.028637 fft=0.007122
step=11900 loss=0.042033 time=0.034888 fft=0.008420
step=12000 loss=0.040773 time=0.033729 fft=0.008301
step=12000 val_loss=0.035999
step=12100 loss=0.037826 time=0.031235 fft=0.007768
step=12200 loss=0.040228 time=0.033404 fft=0.008042
step=12300 loss=0.037946 time=0.031474 fft=0.007627
step=12400 loss=0.030672 time=0.025482 fft=0.006116
step=12500 loss=0.044813 time=0.037387 fft=0.008752
step=12600 loss=0.040732 time=0.033807 fft=0.008162
step=12700 loss=0.039009 time=0.032322 fft=0.007881
step=12800 loss=0.040947 time=0.034134 fft=0.008029
step=12900 loss=0.038038 time=0.031541 fft=0.007657
step=13000 loss=0.042502 time=0.035290 fft=0.008499
step=13000 val_loss=0.035704
step=13100 loss=0.041217 time=0.034037 fft=0.008462
step=13200 loss=0.040500 time=0.033331 fft=0.008449
step=13300 loss=0.037757 time=0.031233 fft=0.007689
step=13400 loss=0.038851 time=0.032161 fft=0.007885
step=13500 loss=0.036668 time=0.030304 fft=0.007501
step=13600 loss=0.039713 time=0.032875 fft=0.008058
step=13700 loss=0.034542 time=0.028760 fft=0.006815
step=13800 loss=0.040643 time=0.033670 fft=0.008218
step=13900 loss=0.041337 time=0.034424 fft=0.008148
step=14000 loss=0.038783 time=0.032038 fft=0.007949
step=14000 val_loss=0.035509
step=14100 loss=0.040156 time=0.033233 fft=0.008159
step=14200 loss=0.034580 time=0.028787 fft=0.006827
step=14300 loss=0.040191 time=0.033277 fft=0.008149
step=14400 loss=0.034757 time=0.028684 fft=0.007157
step=14500 loss=0.039881 time=0.033264 fft=0.007798
step=14600 loss=0.035571 time=0.029457 fft=0.007205
step=14700 loss=0.035316 time=0.029144 fft=0.007274
step=14800 loss=0.041228 time=0.034046 fft=0.008464
step=14900 loss=0.037409 time=0.031126 fft=0.007405
step=15000 loss=0.035688 time=0.029475 fft=0.007322
step=15000 val_loss=0.035452
step=15100 loss=0.043455 time=0.035874 fft=0.008934
step=15200 loss=0.038970 time=0.032339 fft=0.007815
step=15300 loss=0.035242 time=0.029326 fft=0.006971
step=15400 loss=0.034866 time=0.028933 fft=0.006992
step=15500 loss=0.036405 time=0.030279 fft=0.007219
step=15600 loss=0.036392 time=0.030147 fft=0.007360
step=15700 loss=0.035131 time=0.029031 fft=0.007189
step=15800 loss=0.036348 time=0.030013 fft=0.007465
step=15900 loss=0.038027 time=0.031399 fft=0.007812
step=16000 loss=0.035735 time=0.029555 fft=0.007283
step=16000 val_loss=0.035898
step=16100 loss=0.042585 time=0.035429 fft=0.008434
step=16200 loss=0.040894 time=0.033897 fft=0.008247
step=16300 loss=0.040519 time=0.033419 fft=0.008368
step=16400 loss=0.040303 time=0.033222 fft=0.008346
step=16500 loss=0.039846 time=0.032941 fft=0.008138
step=16600 loss=0.039461 time=0.032814 fft=0.007834
step=16700 loss=0.034635 time=0.028776 fft=0.006905
step=16800 loss=0.044412 time=0.036943 fft=0.008803
step=16900 loss=0.043000 time=0.035790 fft=0.008497
step=17000 loss=0.039516 time=0.032867 fft=0.007836
step=17000 val_loss=0.035755
step=17100 loss=0.040349 time=0.033418 fft=0.008168
step=17200 loss=0.038982 time=0.032421 fft=0.007732
step=17300 loss=0.043335 time=0.036083 fft=0.008547
step=17400 loss=0.038602 time=0.031788 fft=0.008031
step=17500 loss=0.040866 time=0.033892 fft=0.008220
step=17600 loss=0.038340 time=0.031699 fft=0.007827
step=17700 loss=0.039110 time=0.032233 fft=0.008104
step=17800 loss=0.040314 time=0.033342 fft=0.008217
step=17900 loss=0.038254 time=0.031553 fft=0.007897
step=18000 loss=0.038428 time=0.031752 fft=0.007867
step=18000 val_loss=0.035272
step=18100 loss=0.036428 time=0.029966 fft=0.007616
step=18200 loss=0.032092 time=0.026479 fft=0.006615
step=18300 loss=0.038787 time=0.032022 fft=0.007974
step=18400 loss=0.036022 time=0.029867 fft=0.007255
step=18500 loss=0.043356 time=0.035914 fft=0.008771
step=18600 loss=0.039505 time=0.032846 fft=0.007848
step=18700 loss=0.042540 time=0.035201 fft=0.008649
step=18800 loss=0.036682 time=0.030449 fft=0.007346
step=18900 loss=0.037102 time=0.030710 fft=0.007533
step=19000 loss=0.038435 time=0.031908 fft=0.007691
step=19000 val_loss=0.035836
step=19100 loss=0.040680 time=0.033668 fft=0.008263
step=19200 loss=0.036299 time=0.030003 fft=0.007419
step=19300 loss=0.041935 time=0.034667 fft=0.008565
step=19400 loss=0.040886 time=0.033848 fft=0.008295
step=19500 loss=0.040572 time=0.033487 fft=0.008350
step=19600 loss=0.037393 time=0.030903 fft=0.007648
step=19700 loss=0.033801 time=0.027884 fft=0.006974
step=19800 loss=0.038189 time=0.031627 fft=0.007733
step=19900 loss=0.035746 time=0.029527 fft=0.007328
step=20000 loss=0.035947 time=0.029862 fft=0.007171
step=20000 val_loss=0.035510
step=20100 loss=0.034756 time=0.028662 fft=0.007183
step=20200 loss=0.041865 time=0.034749 fft=0.008386
step=20300 loss=0.043250 time=0.035592 fft=0.009025
step=20400 loss=0.032194 time=0.026746 fft=0.006420
step=20500 loss=0.040044 time=0.033434 fft=0.007790
step=20600 loss=0.037143 time=0.030853 fft=0.007413
step=20700 loss=0.036351 time=0.030053 fft=0.007423
step=20800 loss=0.040312 time=0.033416 fft=0.008128
step=20900 loss=0.044302 time=0.036791 fft=0.008851
step=21000 loss=0.034341 time=0.028464 fft=0.006926
step=21000 val_loss=0.035620
step=21100 loss=0.036664 time=0.030337 fft=0.007457
step=21200 loss=0.041788 time=0.034612 fft=0.008456
step=21300 loss=0.038825 time=0.032067 fft=0.007965
step=21400 loss=0.038223 time=0.031444 fft=0.007989
step=21500 loss=0.042416 time=0.035102 fft=0.008620
step=21600 loss=0.036158 time=0.029733 fft=0.007573
step=21700 loss=0.036424 time=0.030209 fft=0.007325
step=21800 loss=0.039369 time=0.032493 fft=0.008103
step=21900 loss=0.042784 time=0.035515 fft=0.008566
step=22000 loss=0.033160 time=0.027281 fft=0.006929
step=22000 val_loss=0.035365
step=22100 loss=0.037196 time=0.030840 fft=0.007491
step=22200 loss=0.037842 time=0.031177 fft=0.007855
step=22300 loss=0.030923 time=0.025495 fft=0.006397
step=22400 loss=0.034082 time=0.028058 fft=0.007099
step=22500 loss=0.042048 time=0.034696 fft=0.008664
step=22600 loss=0.037328 time=0.031111 fft=0.007327
step=22700 loss=0.041538 time=0.034301 fft=0.008529
step=22800 loss=0.036472 time=0.030129 fft=0.007476
step=22900 loss=0.036042 time=0.029945 fft=0.007186
step=23000 loss=0.035630 time=0.029675 fft=0.007017
step=23000 val_loss=0.034959
step=23100 loss=0.031370 time=0.025938 fft=0.006402
step=23200 loss=0.034984 time=0.028952 fft=0.007109
step=23300 loss=0.038729 time=0.032111 fft=0.007800
step=23400 loss=0.038890 time=0.032201 fft=0.007882
step=23500 loss=0.038445 time=0.031972 fft=0.007628
step=23600 loss=0.039648 time=0.032711 fft=0.008176
step=23700 loss=0.038849 time=0.032167 fft=0.007875
step=23800 loss=0.033033 time=0.027514 fft=0.006505
step=23900 loss=0.039391 time=0.032698 fft=0.007887
step=24000 loss=0.036258 time=0.030029 fft=0.007342
step=24000 val_loss=0.035314
step=24100 loss=0.033072 time=0.027193 fft=0.006929
step=24200 loss=0.041427 time=0.034166 fft=0.008558
step=24300 loss=0.039575 time=0.032568 fft=0.008258
step=24400 loss=0.034384 time=0.028373 fft=0.007084
step=24500 loss=0.037412 time=0.030919 fft=0.007651
step=24600 loss=0.039642 time=0.032793 fft=0.008072
step=24700 loss=0.041678 time=0.034486 fft=0.008475
step=24800 loss=0.038307 time=0.031770 fft=0.007704
step=24900 loss=0.038232 time=0.031781 fft=0.007602
step=25000 loss=0.036392 time=0.029942 fft=0.007602
step=25000 val_loss=0.035104
step=25100 loss=0.040250 time=0.033115 fft=0.008409
step=25200 loss=0.033689 time=0.027719 fft=0.007035
step=25300 loss=0.038480 time=0.031875 fft=0.007784
step=25400 loss=0.041437 time=0.034396 fft=0.008298
step=25500 loss=0.034006 time=0.028085 fft=0.006978
step=25600 loss=0.038822 time=0.032086 fft=0.007938
step=25700 loss=0.034883 time=0.028866 fft=0.007092
step=25800 loss=0.035906 time=0.029697 fft=0.007318
step=25900 loss=0.034321 time=0.028332 fft=0.007058
step=26000 loss=0.036042 time=0.029855 fft=0.007291
step=26000 val_loss=0.035424
step=26100 loss=0.035363 time=0.029374 fft=0.007059
step=26200 loss=0.039068 time=0.031943 fft=0.008397
step=26300 loss=0.040876 time=0.033882 fft=0.008243
step=26400 loss=0.040394 time=0.033643 fft=0.007957
step=26500 loss=0.042443 time=0.034904 fft=0.008884
step=26600 loss=0.031594 time=0.026048 fft=0.006535
step=26700 loss=0.037232 time=0.030565 fft=0.007858
step=26800 loss=0.040666 time=0.033484 fft=0.008464
step=26900 loss=0.036374 time=0.029985 fft=0.007530
step=27000 loss=0.038681 time=0.032130 fft=0.007721
step=27000 val_loss=0.034397
step=27100 loss=0.034008 time=0.028033 fft=0.007042
step=27200 loss=0.039528 time=0.032824 fft=0.007902
step=27300 loss=0.036280 time=0.030134 fft=0.007243
step=27400 loss=0.039082 time=0.032474 fft=0.007788
step=27500 loss=0.039950 time=0.033162 fft=0.007999
step=27600 loss=0.040474 time=0.033406 fft=0.008329
step=27700 loss=0.036124 time=0.029816 fft=0.007434
step=27800 loss=0.042942 time=0.035412 fft=0.008874
step=27900 loss=0.040542 time=0.033710 fft=0.008052
step=28000 loss=0.043308 time=0.035878 fft=0.008756
step=28000 val_loss=0.035030
step=28100 loss=0.035827 time=0.029457 fft=0.007507
step=28200 loss=0.038001 time=0.031407 fft=0.007771
step=28300 loss=0.037804 time=0.031119 fft=0.007878
step=28400 loss=0.037697 time=0.031223 fft=0.007629
step=28500 loss=0.035158 time=0.029130 fft=0.007105
step=28600 loss=0.039256 time=0.032415 fft=0.008062
step=28700 loss=0.038937 time=0.032235 fft=0.007898
step=28800 loss=0.036354 time=0.030195 fft=0.007258
step=28900 loss=0.038281 time=0.031535 fft=0.007950
step=29000 loss=0.041130 time=0.033980 fft=0.008427
step=29000 val_loss=0.035046
step=29100 loss=0.039729 time=0.033079 fft=0.007837
step=29200 loss=0.037002 time=0.030704 fft=0.007421
step=29300 loss=0.030759 time=0.025538 fft=0.006154
step=29400 loss=0.035921 time=0.029588 fft=0.007463
step=29500 loss=0.039160 time=0.032276 fft=0.008112
step=29600 loss=0.034298 time=0.028109 fft=0.007294
step=29700 loss=0.036460 time=0.030073 fft=0.007528
step=29800 loss=0.041264 time=0.034178 fft=0.008352
step=29900 loss=0.036237 time=0.030126 fft=0.007203
step=30000 loss=0.038784 time=0.031926 fft=0.008082
step=30000 val_loss=0.034743
step=30100 loss=0.031721 time=0.026224 fft=0.006479
step=30200 loss=0.035410 time=0.029272 fft=0.007235
step=30300 loss=0.036180 time=0.029884 fft=0.007420
step=30400 loss=0.036686 time=0.030379 fft=0.007433
step=30500 loss=0.038771 time=0.031811 fft=0.008203
step=30600 loss=0.035342 time=0.029125 fft=0.007326
step=30700 loss=0.038655 time=0.031991 fft=0.007854
step=30800 loss=0.038816 time=0.032172 fft=0.007831
step=30900 loss=0.035808 time=0.029727 fft=0.007166
step=31000 loss=0.032960 time=0.027219 fft=0.006765
step=31000 val_loss=0.034425
step=31100 loss=0.035866 time=0.029832 fft=0.007112
step=31200 loss=0.032949 time=0.027071 fft=0.006928
step=31300 loss=0.034555 time=0.028393 fft=0.007262
step=31400 loss=0.033865 time=0.027812 fft=0.007133
step=31500 loss=0.032636 time=0.026854 fft=0.006814
step=31600 loss=0.034040 time=0.028141 fft=0.006952
step=31700 loss=0.035269 time=0.029048 fft=0.007332
step=31800 loss=0.040274 time=0.033520 fft=0.007959
step=31900 loss=0.036103 time=0.029877 fft=0.007337
step=32000 loss=0.037275 time=0.030930 fft=0.007478
step=32000 val_loss=0.034904
step=32100 loss=0.035756 time=0.029941 fft=0.006853
step=32200 loss=0.036785 time=0.030486 fft=0.007424
step=32300 loss=0.036604 time=0.030280 fft=0.007453
step=32400 loss=0.040750 time=0.033762 fft=0.008235
step=32500 loss=0.040394 time=0.033357 fft=0.008293
step=32600 loss=0.037897 time=0.031309 fft=0.007764
step=32700 loss=0.040116 time=0.033045 fft=0.008332
step=32800 loss=0.037170 time=0.030681 fft=0.007648
step=32900 loss=0.036498 time=0.030113 fft=0.007525
step=33000 loss=0.037788 time=0.031271 fft=0.007681
step=33000 val_loss=0.035169
step=33100 loss=0.037546 time=0.031028 fft=0.007682
step=33200 loss=0.031878 time=0.026219 fft=0.006669
step=33300 loss=0.035190 time=0.029071 fft=0.007211
step=33400 loss=0.039574 time=0.032679 fft=0.008125
step=33500 loss=0.039159 time=0.032297 fft=0.008087
step=33600 loss=0.035606 time=0.029383 fft=0.007334
step=33700 loss=0.034209 time=0.028295 fft=0.006969
step=33800 loss=0.033275 time=0.027483 fft=0.006826
step=33900 loss=0.035487 time=0.029328 fft=0.007259
step=34000 loss=0.035890 time=0.029632 fft=0.007376
step=34000 val_loss=0.035134
step=34100 loss=0.039204 time=0.032288 fft=0.008151
step=34200 loss=0.034902 time=0.028767 fft=0.007229
step=34300 loss=0.035877 time=0.029820 fft=0.007138
step=34400 loss=0.036633 time=0.030265 fft=0.007505
step=34500 loss=0.035117 time=0.028833 fft=0.007406
step=34600 loss=0.035821 time=0.029535 fft=0.007408
step=34700 loss=0.041565 time=0.034278 fft=0.008589
step=34800 loss=0.036908 time=0.030503 fft=0.007549
step=34900 loss=0.036153 time=0.029795 fft=0.007493
step=35000 loss=0.037706 time=0.031039 fft=0.007857
step=35000 val_loss=0.034171
step=35100 loss=0.038192 time=0.031545 fft=0.007833
step=35200 loss=0.038239 time=0.031594 fft=0.007831
step=35300 loss=0.035963 time=0.029654 fft=0.007434
step=35400 loss=0.034957 time=0.028854 fft=0.007192
step=35500 loss=0.035359 time=0.029133 fft=0.007338
step=35600 loss=0.038211 time=0.031628 fft=0.007758
step=35700 loss=0.034475 time=0.028358 fft=0.007210
step=35800 loss=0.035303 time=0.029163 fft=0.007237
step=35900 loss=0.037429 time=0.031050 fft=0.007517
step=36000 loss=0.035705 time=0.029455 fft=0.007366
step=36000 val_loss=0.034920
step=36100 loss=0.030785 time=0.025372 fft=0.006379
step=36200 loss=0.037349 time=0.030853 fft=0.007656
step=36300 loss=0.041185 time=0.034257 fft=0.008164
step=36400 loss=0.037149 time=0.030931 fft=0.007328
step=36500 loss=0.039708 time=0.032758 fft=0.008191
step=36600 loss=0.032314 time=0.026807 fft=0.006490
step=36700 loss=0.038016 time=0.031337 fft=0.007871
step=36800 loss=0.036266 time=0.029995 fft=0.007390
step=36900 loss=0.033699 time=0.027814 fft=0.006935
step=37000 loss=0.034906 time=0.028795 fft=0.007202
step=37000 val_loss=0.034434
step=37100 loss=0.037455 time=0.030846 fft=0.007790
step=37200 loss=0.037432 time=0.030847 fft=0.007760
step=37300 loss=0.040950 time=0.034010 fft=0.008179
step=37400 loss=0.035364 time=0.029029 fft=0.007466
step=37500 loss=0.034921 time=0.028651 fft=0.007390
step=37600 loss=0.034883 time=0.028776 fft=0.007197
step=37700 loss=0.037057 time=0.030505 fft=0.007721
step=37800 loss=0.038386 time=0.031713 fft=0.007864
step=37900 loss=0.035646 time=0.029321 fft=0.007455
step=38000 loss=0.033609 time=0.027819 fft=0.006824
step=38000 val_loss=0.035495
step=38100 loss=0.043217 time=0.035634 fft=0.008936
step=38200 loss=0.036221 time=0.029836 fft=0.007526
step=38300 loss=0.035199 time=0.029034 fft=0.007266
step=38400 loss=0.040675 time=0.033792 fft=0.008112
step=38500 loss=0.035615 time=0.029316 fft=0.007424
step=38600 loss=0.036146 time=0.029842 fft=0.007430
step=38700 loss=0.034782 time=0.028626 fft=0.007255
step=38800 loss=0.036272 time=0.030050 fft=0.007332
step=38900 loss=0.032632 time=0.026839 fft=0.006826
step=39000 loss=0.035825 time=0.029657 fft=0.007269
step=39000 val_loss=0.034400
step=39100 loss=0.038912 time=0.032186 fft=0.007927
step=39200 loss=0.037593 time=0.030895 fft=0.007893
step=39300 loss=0.032349 time=0.026782 fft=0.006561
step=39400 loss=0.036129 time=0.029913 fft=0.007325
step=39500 loss=0.040306 time=0.033434 fft=0.008099
step=39600 loss=0.036491 time=0.030286 fft=0.007313
step=39700 loss=0.039746 time=0.032829 fft=0.008152
step=39800 loss=0.032359 time=0.026593 fft=0.006795
step=39900 loss=0.033245 time=0.027576 fft=0.006681
step=40000 loss=0.035773 time=0.029577 fft=0.007303
step=40000 val_loss=0.035232
step=40100 loss=0.040130 time=0.033163 fft=0.008211
step=40200 loss=0.042769 time=0.035553 fft=0.008504
step=40300 loss=0.038987 time=0.032312 fft=0.007866
step=40400 loss=0.034582 time=0.028686 fft=0.006948
step=40500 loss=0.036818 time=0.030263 fft=0.007725
step=40600 loss=0.035016 time=0.028868 fft=0.007246
step=40700 loss=0.036455 time=0.030205 fft=0.007365
step=40800 loss=0.033116 time=0.027051 fft=0.007148
step=40900 loss=0.033204 time=0.027559 fft=0.006652
step=41000 loss=0.039194 time=0.032547 fft=0.007833
step=41000 val_loss=0.035271
step=41100 loss=0.039110 time=0.032400 fft=0.007907
step=41200 loss=0.038738 time=0.031893 fft=0.008067
step=41300 loss=0.032018 time=0.026350 fft=0.006680
step=41400 loss=0.040099 time=0.033037 fft=0.008322
step=41500 loss=0.035218 time=0.029146 fft=0.007155
step=41600 loss=0.037253 time=0.030940 fft=0.007440
step=41700 loss=0.041734 time=0.034749 fft=0.008232
step=41800 loss=0.041080 time=0.034153 fft=0.008164
step=41900 loss=0.038255 time=0.031782 fft=0.007629
step=42000 loss=0.036990 time=0.030500 fft=0.007649
step=42000 val_loss=0.035217
step=42100 loss=0.032848 time=0.027138 fft=0.006730
step=42200 loss=0.037310 time=0.030871 fft=0.007588
step=42300 loss=0.040210 time=0.033117 fft=0.008358
step=42400 loss=0.042177 time=0.034765 fft=0.008736
step=42500 loss=0.036530 time=0.030220 fft=0.007436
step=42600 loss=0.036782 time=0.030443 fft=0.007470
step=42700 loss=0.039738 time=0.032946 fft=0.008005
step=42800 loss=0.034327 time=0.028299 fft=0.007105
step=42900 loss=0.035749 time=0.029619 fft=0.007225
step=43000 loss=0.036010 time=0.029777 fft=0.007346
step=43000 val_loss=0.034836
step=43100 loss=0.034261 time=0.028167 fft=0.007182
step=43200 loss=0.035415 time=0.029241 fft=0.007276
step=43300 loss=0.036468 time=0.030260 fft=0.007316
step=43400 loss=0.036054 time=0.029809 fft=0.007360
step=43500 loss=0.033571 time=0.027574 fft=0.007069
step=43600 loss=0.040682 time=0.033755 fft=0.008164
step=43700 loss=0.036032 time=0.029728 fft=0.007430
step=43800 loss=0.033818 time=0.027907 fft=0.006966
step=43900 loss=0.035473 time=0.029478 fft=0.007066
step=44000 loss=0.036262 time=0.029793 fft=0.007623
step=44000 val_loss=0.034634
step=44100 loss=0.041843 time=0.034608 fft=0.008526
step=44200 loss=0.035020 time=0.028878 fft=0.007239
step=44300 loss=0.035943 time=0.029682 fft=0.007378
step=44400 loss=0.036860 time=0.030420 fft=0.007590
step=44500 loss=0.040089 time=0.032930 fft=0.008437
step=44600 loss=0.036474 time=0.029958 fft=0.007679
step=44700 loss=0.035692 time=0.029551 fft=0.007237
step=44800 loss=0.037401 time=0.031005 fft=0.007537
step=44900 loss=0.035097 time=0.029043 fft=0.007134
step=45000 loss=0.035546 time=0.029476 fft=0.007154
step=45000 val_loss=0.035215
Finished 45000 steps on cuda; checkpoints: outputs/expanded_2023_2026_glm
