/home/deborah/Desktop/condition_diffusion/stock_diffusion/model.py:83: UserWarning: enable_nested_tensor is True, but self.use_nested_tensor is False because encoder_layer.norm_first was True
  self.history_encoder = nn.TransformerEncoder(history_layer, encoder_layers)
step=1 loss=4.220816 time=3.338213 fft=1.040157
step=20 loss=3.244271 time=2.560960 fft=0.805289
step=40 loss=2.915475 time=2.301423 fft=0.723667
step=60 loss=2.282637 time=1.800449 fft=0.568264
step=80 loss=2.188534 time=1.727990 fft=0.542757
step=100 loss=1.828963 time=1.442838 fft=0.455052
step=120 loss=1.794518 time=1.415937 fft=0.446162
step=140 loss=1.613576 time=1.273614 fft=0.400649
step=160 loss=1.458682 time=1.151206 fft=0.362364
step=180 loss=1.380735 time=1.088956 fft=0.343864
step=200 loss=1.146159 time=0.904537 fft=0.284754
step=220 loss=1.214590 time=0.958158 fft=0.302208
step=240 loss=1.042814 time=0.823566 fft=0.258386
step=260 loss=0.954208 time=0.752978 fft=0.237153
step=280 loss=0.995084 time=0.785061 fft=0.247515
step=300 loss=0.829173 time=0.653685 fft=0.206815
step=320 loss=0.750834 time=0.592438 fft=0.186672
step=340 loss=0.736502 time=0.581207 fft=0.183017
step=360 loss=0.652982 time=0.515051 fft=0.162553
step=380 loss=0.623145 time=0.491293 fft=0.155390
step=400 loss=0.584983 time=0.461700 fft=0.145290
step=420 loss=0.575979 time=0.454332 fft=0.143363
step=440 loss=0.492829 time=0.389158 fft=0.122177
step=460 loss=0.498603 time=0.393432 fft=0.123945
step=480 loss=0.464727 time=0.367175 fft=0.114966
step=500 loss=0.453773 time=0.358809 fft=0.111916
step=500 val_loss=0.321814
step=520 loss=0.432110 time=0.342096 fft=0.106082
step=540 loss=0.406194 time=0.321197 fft=0.100170
step=560 loss=0.369562 time=0.292550 fft=0.090760
step=580 loss=0.378768 time=0.300177 fft=0.092620
step=600 loss=0.323516 time=0.256315 fft=0.079197
step=620 loss=0.332226 time=0.263392 fft=0.081121
step=640 loss=0.323698 time=0.256794 fft=0.078848
step=660 loss=0.296514 time=0.235735 fft=0.071629
step=680 loss=0.282501 time=0.224415 fft=0.068455
step=700 loss=0.251020 time=0.199934 fft=0.060205
step=720 loss=0.256581 time=0.204409 fft=0.061485
step=740 loss=0.258010 time=0.206217 fft=0.061038
step=760 loss=0.216277 time=0.172570 fft=0.051510
step=780 loss=0.225768 time=0.180909 fft=0.052867
step=800 loss=0.219032 time=0.175187 fft=0.051672
step=820 loss=0.193528 time=0.155196 fft=0.045175
step=840 loss=0.194582 time=0.156836 fft=0.044485
step=860 loss=0.171033 time=0.137638 fft=0.039356
step=880 loss=0.170950 time=0.138328 fft=0.038445
step=900 loss=0.157905 time=0.128279 fft=0.034914
step=920 loss=0.174725 time=0.141898 fft=0.038687
step=940 loss=0.174732 time=0.142454 fft=0.038040
step=960 loss=0.147491 time=0.120076 fft=0.032308
step=980 loss=0.143491 time=0.117265 fft=0.030907
step=1000 loss=0.143015 time=0.116893 fft=0.030785
step=1000 val_loss=0.131017
step=1020 loss=0.148870 time=0.122499 fft=0.031078
step=1040 loss=0.141644 time=0.116669 fft=0.029433
step=1060 loss=0.123203 time=0.102031 fft=0.024952
step=1080 loss=0.123482 time=0.102500 fft=0.024728
step=1100 loss=0.132977 time=0.110437 fft=0.026563
step=1120 loss=0.132328 time=0.110332 fft=0.025922
step=1140 loss=0.115415 time=0.096515 fft=0.022273
step=1160 loss=0.116794 time=0.097848 fft=0.022329
step=1180 loss=0.116568 time=0.097327 fft=0.022676
step=1200 loss=0.114300 time=0.095585 fft=0.022056
step=1220 loss=0.103541 time=0.086569 fft=0.020002
step=1240 loss=0.106782 time=0.089528 fft=0.020333
step=1260 loss=0.120609 time=0.101097 fft=0.022995
step=1280 loss=0.107238 time=0.089948 fft=0.020377
step=1300 loss=0.118361 time=0.099499 fft=0.022229
step=1320 loss=0.104847 time=0.088340 fft=0.019454
step=1340 loss=0.118329 time=0.099681 fft=0.021976
step=1360 loss=0.116830 time=0.098336 fft=0.021795
step=1380 loss=0.116538 time=0.098441 fft=0.021327
step=1400 loss=0.101579 time=0.085537 fft=0.018907
step=1420 loss=0.106929 time=0.089924 fft=0.020041
step=1440 loss=0.111789 time=0.093909 fft=0.021072
step=1460 loss=0.103010 time=0.086641 fft=0.019291
step=1480 loss=0.111203 time=0.093588 fft=0.020759
step=1500 loss=0.112912 time=0.095248 fft=0.020817
step=1500 val_loss=0.101687
step=1520 loss=0.112968 time=0.095327 fft=0.020790
step=1540 loss=0.099924 time=0.084369 fft=0.018332
step=1560 loss=0.104027 time=0.087390 fft=0.019607
step=1580 loss=0.108491 time=0.091217 fft=0.020357
step=1600 loss=0.113210 time=0.095740 fft=0.020589
step=1620 loss=0.098834 time=0.083039 fft=0.018615
step=1640 loss=0.096393 time=0.081447 fft=0.017614
step=1660 loss=0.102239 time=0.086134 fft=0.018980
step=1680 loss=0.102228 time=0.085671 fft=0.019513
step=1700 loss=0.104899 time=0.088511 fft=0.019314
step=1720 loss=0.096733 time=0.081354 fft=0.018123
step=1740 loss=0.103467 time=0.087134 fft=0.019248
step=1760 loss=0.095140 time=0.080244 fft=0.017555
step=1780 loss=0.098415 time=0.083049 fft=0.018109
step=1800 loss=0.097097 time=0.081894 fft=0.017917
step=1820 loss=0.101457 time=0.085643 fft=0.018637
step=1840 loss=0.100044 time=0.084655 fft=0.018136
step=1860 loss=0.092978 time=0.078407 fft=0.017172
step=1880 loss=0.100926 time=0.085082 fft=0.018672
step=1900 loss=0.096300 time=0.081093 fft=0.017921
step=1920 loss=0.093437 time=0.078381 fft=0.017744
step=1940 loss=0.097052 time=0.081937 fft=0.017813
step=1960 loss=0.097715 time=0.082122 fft=0.018376
step=1980 loss=0.101467 time=0.085362 fft=0.018980
step=2000 loss=0.098645 time=0.082740 fft=0.018744
step=2000 val_loss=0.093380
step=2020 loss=0.093142 time=0.078572 fft=0.017171
step=2040 loss=0.091975 time=0.077661 fft=0.016870
step=2060 loss=0.090712 time=0.076381 fft=0.016889
step=2080 loss=0.089647 time=0.075653 fft=0.016492
step=2100 loss=0.091540 time=0.077015 fft=0.017118
step=2120 loss=0.096658 time=0.081546 fft=0.017811
step=2140 loss=0.088750 time=0.074847 fft=0.016384
step=2160 loss=0.101045 time=0.085326 fft=0.018524
step=2180 loss=0.099151 time=0.083261 fft=0.018726
step=2200 loss=0.098649 time=0.083305 fft=0.018084
step=2220 loss=0.087147 time=0.073576 fft=0.015994
step=2240 loss=0.099736 time=0.083891 fft=0.018673
step=2260 loss=0.102123 time=0.085678 fft=0.019381
step=2280 loss=0.094628 time=0.079985 fft=0.017256
step=2300 loss=0.099013 time=0.083623 fft=0.018138
step=2320 loss=0.094442 time=0.079420 fft=0.017704
step=2340 loss=0.090036 time=0.075903 fft=0.016656
step=2360 loss=0.089706 time=0.075563 fft=0.016667
step=2380 loss=0.091939 time=0.076997 fft=0.017610
step=2400 loss=0.097565 time=0.082114 fft=0.018210
step=2420 loss=0.087347 time=0.073482 fft=0.016340
step=2440 loss=0.092538 time=0.077787 fft=0.017384
step=2460 loss=0.103644 time=0.087152 fft=0.019436
step=2480 loss=0.088382 time=0.074188 fft=0.016728
step=2500 loss=0.098281 time=0.082736 fft=0.018320
step=2500 val_loss=0.089360
step=2520 loss=0.088205 time=0.074157 fft=0.016556
step=2540 loss=0.088090 time=0.074016 fft=0.016586
step=2560 loss=0.085696 time=0.072385 fft=0.015688
step=2580 loss=0.098166 time=0.082641 fft=0.018297
step=2600 loss=0.087035 time=0.073360 fft=0.016116
step=2620 loss=0.092133 time=0.077697 fft=0.017012
step=2640 loss=0.092041 time=0.077317 fft=0.017353
step=2660 loss=0.088330 time=0.074711 fft=0.016051
step=2680 loss=0.087707 time=0.073983 fft=0.016174
step=2700 loss=0.094094 time=0.078674 fft=0.018172
step=2720 loss=0.096355 time=0.081159 fft=0.017910
step=2740 loss=0.095686 time=0.080305 fft=0.018126
step=2760 loss=0.084610 time=0.070986 fft=0.016056
step=2780 loss=0.086573 time=0.073100 fft=0.015878
step=2800 loss=0.093417 time=0.078738 fft=0.017300
step=2820 loss=0.091812 time=0.077250 fft=0.017161
step=2840 loss=0.088137 time=0.073917 fft=0.016758
step=2860 loss=0.093532 time=0.078541 fft=0.017666
step=2880 loss=0.088660 time=0.074744 fft=0.016401
step=2900 loss=0.091535 time=0.076572 fft=0.017635
step=2920 loss=0.084647 time=0.071038 fft=0.016038
step=2940 loss=0.092782 time=0.078001 fft=0.017420
step=2960 loss=0.093966 time=0.079103 fft=0.017516
step=2980 loss=0.089416 time=0.075300 fft=0.016636
step=3000 loss=0.089426 time=0.075108 fft=0.016874
step=3000 val_loss=0.088092
step=3020 loss=0.090943 time=0.076485 fft=0.017039
step=3040 loss=0.096080 time=0.080720 fft=0.018102
step=3060 loss=0.085767 time=0.072154 fft=0.016043
step=3080 loss=0.088183 time=0.074079 fft=0.016621
step=3100 loss=0.090193 time=0.075683 fft=0.017099
step=3120 loss=0.088167 time=0.074320 fft=0.016319
step=3140 loss=0.088652 time=0.074435 fft=0.016755
step=3160 loss=0.091269 time=0.076825 fft=0.017022
step=3180 loss=0.095765 time=0.080568 fft=0.017910
step=3200 loss=0.090568 time=0.075820 fft=0.017381
step=3220 loss=0.088592 time=0.074414 fft=0.016708
step=3240 loss=0.090416 time=0.076069 fft=0.016907
step=3260 loss=0.079404 time=0.066738 fft=0.014926
step=3280 loss=0.092830 time=0.077861 fft=0.017642
step=3300 loss=0.086754 time=0.072957 fft=0.016260
step=3320 loss=0.081220 time=0.068424 fft=0.015080
step=3340 loss=0.088502 time=0.074010 fft=0.017079
step=3360 loss=0.094682 time=0.079709 fft=0.017646
step=3380 loss=0.088453 time=0.074406 fft=0.016554
step=3400 loss=0.085631 time=0.071813 fft=0.016285
step=3420 loss=0.080755 time=0.067878 fft=0.015176
step=3440 loss=0.100606 time=0.084385 fft=0.019117
step=3460 loss=0.088236 time=0.074258 fft=0.016473
step=3480 loss=0.096599 time=0.081230 fft=0.018112
step=3500 loss=0.086073 time=0.072039 fft=0.016539
step=3500 val_loss=0.086176
step=3520 loss=0.095948 time=0.081069 fft=0.017535
step=3540 loss=0.086920 time=0.073316 fft=0.016032
step=3560 loss=0.102817 time=0.086345 fft=0.019413
step=3580 loss=0.094513 time=0.079069 fft=0.018200
step=3600 loss=0.087166 time=0.073137 fft=0.016533
step=3620 loss=0.086971 time=0.073656 fft=0.015692
step=3640 loss=0.088144 time=0.073923 fft=0.016760
step=3660 loss=0.094661 time=0.079638 fft=0.017704
step=3680 loss=0.080248 time=0.067593 fft=0.014913
step=3700 loss=0.090781 time=0.076049 fft=0.017361
step=3720 loss=0.087863 time=0.073473 fft=0.016959
step=3740 loss=0.090726 time=0.075921 fft=0.017448
step=3760 loss=0.086067 time=0.072178 fft=0.016368
step=3780 loss=0.078682 time=0.066158 fft=0.014760
step=3800 loss=0.085986 time=0.072527 fft=0.015862
step=3820 loss=0.084060 time=0.070433 fft=0.016059
step=3840 loss=0.083704 time=0.070384 fft=0.015697
step=3860 loss=0.083069 time=0.069762 fft=0.015683
step=3880 loss=0.083670 time=0.070319 fft=0.015734
step=3900 loss=0.089262 time=0.074812 fft=0.017029
step=3920 loss=0.083520 time=0.070118 fft=0.015793
step=3940 loss=0.085331 time=0.071505 fft=0.016293
step=3960 loss=0.088139 time=0.074068 fft=0.016583
step=3980 loss=0.090248 time=0.075397 fft=0.017502
step=4000 loss=0.084482 time=0.070950 fft=0.015948
step=4000 val_loss=0.085814
step=4020 loss=0.086584 time=0.072883 fft=0.016147
step=4040 loss=0.088359 time=0.074261 fft=0.016614
step=4060 loss=0.087643 time=0.073366 fft=0.016826
step=4080 loss=0.083435 time=0.070067 fft=0.015754
step=4100 loss=0.084933 time=0.071360 fft=0.015997
step=4120 loss=0.081242 time=0.068308 fft=0.015243
step=4140 loss=0.090165 time=0.075819 fft=0.016907
step=4160 loss=0.090100 time=0.075535 fft=0.017165
step=4180 loss=0.097150 time=0.081671 fft=0.018242
step=4200 loss=0.084957 time=0.071280 fft=0.016118
step=4220 loss=0.085707 time=0.071660 fft=0.016554
step=4240 loss=0.087943 time=0.073681 fft=0.016808
step=4260 loss=0.098088 time=0.082549 fft=0.018313
step=4280 loss=0.088908 time=0.074603 fft=0.016859
step=4300 loss=0.085249 time=0.071520 fft=0.016180
step=4320 loss=0.089420 time=0.075077 fft=0.016904
step=4340 loss=0.083208 time=0.069851 fft=0.015742
step=4360 loss=0.075017 time=0.063354 fft=0.013745
step=4380 loss=0.089200 time=0.074940 fft=0.016805
step=4400 loss=0.090699 time=0.075703 fft=0.017673
step=4420 loss=0.081224 time=0.068314 fft=0.015214
step=4440 loss=0.090076 time=0.075449 fft=0.017238
step=4460 loss=0.089392 time=0.075205 fft=0.016719
step=4480 loss=0.088024 time=0.073807 fft=0.016755
step=4500 loss=0.082954 time=0.069552 fft=0.015795
step=4500 val_loss=0.084869
step=4520 loss=0.074104 time=0.062446 fft=0.013739
step=4540 loss=0.073536 time=0.061780 fft=0.013855
step=4560 loss=0.086383 time=0.072348 fft=0.016540
step=4580 loss=0.090435 time=0.076084 fft=0.016912
step=4600 loss=0.088622 time=0.074182 fft=0.017017
step=4620 loss=0.085283 time=0.071267 fft=0.016518
step=4640 loss=0.083057 time=0.069648 fft=0.015802
step=4660 loss=0.077751 time=0.065052 fft=0.014965
step=4680 loss=0.088406 time=0.074232 fft=0.016705
step=4700 loss=0.078939 time=0.066373 fft=0.014809
step=4720 loss=0.078676 time=0.065995 fft=0.014945
step=4740 loss=0.081661 time=0.068623 fft=0.015365
step=4760 loss=0.086511 time=0.072384 fft=0.016648
step=4780 loss=0.078858 time=0.066218 fft=0.014896
step=4800 loss=0.087061 time=0.072854 fft=0.016743
step=4820 loss=0.090378 time=0.075798 fft=0.017183
step=4840 loss=0.084721 time=0.070887 fft=0.016304
step=4860 loss=0.084245 time=0.070772 fft=0.015878
step=4880 loss=0.084585 time=0.070828 fft=0.016213
step=4900 loss=0.086255 time=0.072107 fft=0.016674
step=4920 loss=0.091838 time=0.076820 fft=0.017699
step=4940 loss=0.094073 time=0.078908 fft=0.017873
step=4960 loss=0.094655 time=0.079787 fft=0.017523
step=4980 loss=0.090385 time=0.075690 fft=0.017319
step=5000 loss=0.083135 time=0.069672 fft=0.015867
step=5000 val_loss=0.083759
step=5020 loss=0.081052 time=0.067765 fft=0.015658
step=5040 loss=0.091249 time=0.076291 fft=0.017628
step=5060 loss=0.078149 time=0.065595 fft=0.014795
step=5080 loss=0.088798 time=0.074239 fft=0.017157
step=5100 loss=0.081823 time=0.068754 fft=0.015402
step=5120 loss=0.086385 time=0.072238 fft=0.016671
step=5140 loss=0.082833 time=0.069469 fft=0.015749
step=5160 loss=0.087715 time=0.073316 fft=0.016969
step=5180 loss=0.082630 time=0.069143 fft=0.015895
step=5200 loss=0.086325 time=0.072596 fft=0.016180
step=5220 loss=0.090844 time=0.076353 fft=0.017077
step=5240 loss=0.083436 time=0.069809 fft=0.016060
step=5260 loss=0.082504 time=0.069314 fft=0.015544
step=5280 loss=0.090975 time=0.076534 fft=0.017019
step=5300 loss=0.088483 time=0.074204 fft=0.016828
step=5320 loss=0.083032 time=0.069262 fft=0.016228
step=5340 loss=0.087797 time=0.073800 fft=0.016495
step=5360 loss=0.071642 time=0.059999 fft=0.013721
step=5380 loss=0.087981 time=0.073309 fft=0.017291
step=5400 loss=0.085301 time=0.071647 fft=0.016092
step=5420 loss=0.089601 time=0.075304 fft=0.016849
step=5440 loss=0.091144 time=0.076566 fft=0.017180
step=5460 loss=0.086973 time=0.073189 fft=0.016244
step=5480 loss=0.085240 time=0.071340 fft=0.016382
step=5500 loss=0.096529 time=0.080834 fft=0.018496
step=5500 val_loss=0.084455
step=5520 loss=0.093658 time=0.078476 fft=0.017892
step=5540 loss=0.069637 time=0.058588 fft=0.013020
step=5560 loss=0.085038 time=0.071321 fft=0.016166
step=5580 loss=0.082845 time=0.069378 fft=0.015870
step=5600 loss=0.084810 time=0.071095 fft=0.016163
step=5620 loss=0.088900 time=0.074358 fft=0.017138
step=5640 loss=0.079034 time=0.066251 fft=0.015065
step=5660 loss=0.085815 time=0.071987 fft=0.016296
step=5680 loss=0.077140 time=0.064812 fft=0.014529
step=5700 loss=0.083436 time=0.069965 fft=0.015876
step=5720 loss=0.081988 time=0.068772 fft=0.015575
step=5740 loss=0.089066 time=0.074566 fft=0.017089
step=5760 loss=0.083557 time=0.069916 fft=0.016076
step=5780 loss=0.078017 time=0.065281 fft=0.015010
step=5800 loss=0.092378 time=0.077244 fft=0.017836
step=5820 loss=0.081414 time=0.068361 fft=0.015383
step=5840 loss=0.077908 time=0.065175 fft=0.015006
step=5860 loss=0.089494 time=0.074768 fft=0.017355
step=5880 loss=0.078749 time=0.065712 fft=0.015364
step=5900 loss=0.082988 time=0.069240 fft=0.016203
step=5920 loss=0.086091 time=0.072028 fft=0.016574
step=5940 loss=0.082155 time=0.068489 fft=0.016106
step=5960 loss=0.077665 time=0.064931 fft=0.015007
step=5980 loss=0.085377 time=0.071199 fft=0.016710
step=6000 loss=0.084853 time=0.070761 fft=0.016607
step=6000 val_loss=0.081560
step=6020 loss=0.090740 time=0.076244 fft=0.017083
step=6040 loss=0.081077 time=0.068305 fft=0.015052
step=6060 loss=0.074217 time=0.062451 fft=0.013867
step=6080 loss=0.071632 time=0.060031 fft=0.013672
step=6100 loss=0.078267 time=0.065616 fft=0.014910
step=6120 loss=0.085346 time=0.071331 fft=0.016517
step=6140 loss=0.088878 time=0.074385 fft=0.017081
step=6160 loss=0.079958 time=0.066410 fft=0.015966
step=6180 loss=0.081859 time=0.068254 fft=0.016034
step=6200 loss=0.091789 time=0.076805 fft=0.017659
step=6220 loss=0.084668 time=0.070692 fft=0.016471
step=6240 loss=0.082717 time=0.068944 fft=0.016231
step=6260 loss=0.077824 time=0.065091 fft=0.015006
step=6280 loss=0.088178 time=0.073987 fft=0.016724
step=6300 loss=0.085206 time=0.071213 fft=0.016491
step=6320 loss=0.081213 time=0.067890 fft=0.015701
step=6340 loss=0.083553 time=0.070000 fft=0.015972
step=6360 loss=0.084797 time=0.070745 fft=0.016561
step=6380 loss=0.087502 time=0.073513 fft=0.016486
step=6400 loss=0.081926 time=0.068385 fft=0.015958
step=6420 loss=0.089496 time=0.074497 fft=0.017677
step=6440 loss=0.090471 time=0.075719 fft=0.017385
step=6460 loss=0.070504 time=0.059236 fft=0.013280
step=6480 loss=0.088575 time=0.074629 fft=0.016436
step=6500 loss=0.080627 time=0.067434 fft=0.015548
step=6500 val_loss=0.082327
step=6520 loss=0.083524 time=0.069638 fft=0.016364
step=6540 loss=0.080666 time=0.067570 fft=0.015433
step=6560 loss=0.089882 time=0.075274 fft=0.017215
step=6580 loss=0.084493 time=0.070475 fft=0.016521
step=6600 loss=0.079242 time=0.066054 fft=0.015542
step=6620 loss=0.085932 time=0.071996 fft=0.016423
step=6640 loss=0.088049 time=0.073521 fft=0.017121
step=6660 loss=0.085202 time=0.071390 fft=0.016277
step=6680 loss=0.079126 time=0.066210 fft=0.015222
step=6700 loss=0.080028 time=0.067048 fft=0.015298
step=6720 loss=0.077680 time=0.064883 fft=0.015081
step=6740 loss=0.081169 time=0.067981 fft=0.015543
step=6760 loss=0.079048 time=0.066169 fft=0.015178
step=6780 loss=0.078127 time=0.065374 fft=0.015030
step=6800 loss=0.086260 time=0.071977 fft=0.016832
step=6820 loss=0.082520 time=0.068874 fft=0.016083
step=6840 loss=0.076577 time=0.063693 fft=0.015183
step=6860 loss=0.077660 time=0.064932 fft=0.015000
step=6880 loss=0.070125 time=0.058987 fft=0.013127
step=6900 loss=0.082294 time=0.068547 fft=0.016202
step=6920 loss=0.080047 time=0.067250 fft=0.015082
step=6940 loss=0.081547 time=0.068246 fft=0.015675
step=6960 loss=0.090386 time=0.075543 fft=0.017492
step=6980 loss=0.084676 time=0.070612 fft=0.016575
step=7000 loss=0.070321 time=0.058899 fft=0.013461
step=7000 val_loss=0.080431
step=7020 loss=0.084518 time=0.070511 fft=0.016507
step=7040 loss=0.074201 time=0.062065 fft=0.014302
step=7060 loss=0.079626 time=0.066683 fft=0.015253
step=7080 loss=0.075966 time=0.063592 fft=0.014583
step=7100 loss=0.087059 time=0.072625 fft=0.017011
step=7120 loss=0.076075 time=0.063333 fft=0.015017
step=7140 loss=0.088020 time=0.073683 fft=0.016896
step=7160 loss=0.078491 time=0.065500 fft=0.015310
step=7180 loss=0.075915 time=0.063471 fft=0.014666
step=7200 loss=0.084953 time=0.071249 fft=0.016151
step=7220 loss=0.086300 time=0.072263 fft=0.016542
step=7240 loss=0.083106 time=0.069737 fft=0.015755
step=7260 loss=0.085727 time=0.071452 fft=0.016823
step=7280 loss=0.078532 time=0.065542 fft=0.015309
step=7300 loss=0.081829 time=0.068589 fft=0.015602
step=7320 loss=0.080661 time=0.067708 fft=0.015266
step=7340 loss=0.083269 time=0.069683 fft=0.016011
step=7360 loss=0.090315 time=0.075412 fft=0.017563
step=7380 loss=0.082842 time=0.069792 fft=0.015379
step=7400 loss=0.078073 time=0.065258 fft=0.015103
step=7420 loss=0.076444 time=0.063920 fft=0.014759
step=7440 loss=0.082962 time=0.069328 fft=0.016068
step=7460 loss=0.086951 time=0.072511 fft=0.017018
step=7480 loss=0.090545 time=0.075597 fft=0.017616
step=7500 loss=0.083582 time=0.070106 fft=0.015881
step=7500 val_loss=0.081043
step=7520 loss=0.076407 time=0.063709 fft=0.014964
step=7540 loss=0.076202 time=0.063713 fft=0.014718
step=7560 loss=0.083426 time=0.069395 fft=0.016536
step=7580 loss=0.080777 time=0.067586 fft=0.015546
step=7600 loss=0.080037 time=0.066636 fft=0.015793
step=7620 loss=0.087256 time=0.073093 fft=0.016691
step=7640 loss=0.074915 time=0.062342 fft=0.014818
step=7660 loss=0.080749 time=0.067597 fft=0.015500
step=7680 loss=0.078029 time=0.065145 fft=0.015185
step=7700 loss=0.071668 time=0.060163 fft=0.013559
step=7720 loss=0.089879 time=0.075277 fft=0.017209
step=7740 loss=0.095153 time=0.079436 fft=0.018523
step=7760 loss=0.077535 time=0.064528 fft=0.015329
step=7780 loss=0.082399 time=0.068924 fft=0.015880
step=7800 loss=0.080828 time=0.067665 fft=0.015513
step=7820 loss=0.092579 time=0.076929 fft=0.018444
step=7840 loss=0.088390 time=0.073660 fft=0.017360
step=7860 loss=0.072955 time=0.061161 fft=0.013899
step=7880 loss=0.076769 time=0.064096 fft=0.014935
step=7900 loss=0.078460 time=0.065622 fft=0.015130
step=7920 loss=0.085428 time=0.071262 fft=0.016696
step=7940 loss=0.083588 time=0.069695 fft=0.016373
step=7960 loss=0.085003 time=0.071565 fft=0.015836
step=7980 loss=0.072268 time=0.060399 fft=0.013988
step=8000 loss=0.075026 time=0.062567 fft=0.014683
step=8000 val_loss=0.080231
step=8020 loss=0.088860 time=0.074298 fft=0.017162
step=8040 loss=0.073793 time=0.061805 fft=0.014128
step=8060 loss=0.078208 time=0.065486 fft=0.014994
step=8080 loss=0.081624 time=0.068303 fft=0.015699
step=8100 loss=0.082517 time=0.068846 fft=0.016111
step=8120 loss=0.079988 time=0.066916 fft=0.015405
step=8140 loss=0.084156 time=0.069845 fft=0.016866
step=8160 loss=0.077847 time=0.065156 fft=0.014957
step=8180 loss=0.073549 time=0.061598 fft=0.014084
step=8200 loss=0.078085 time=0.065480 fft=0.014855
step=8220 loss=0.082726 time=0.069477 fft=0.015614
step=8240 loss=0.081411 time=0.068176 fft=0.015597
step=8260 loss=0.078861 time=0.065536 fft=0.015703
step=8280 loss=0.077175 time=0.064529 fft=0.014903
step=8300 loss=0.077231 time=0.064409 fft=0.015111
step=8320 loss=0.084941 time=0.070903 fft=0.016543
step=8340 loss=0.081131 time=0.067696 fft=0.015832
step=8360 loss=0.079123 time=0.066331 fft=0.015075
step=8380 loss=0.082520 time=0.069097 fft=0.015819
step=8400 loss=0.085480 time=0.071476 fft=0.016504
step=8420 loss=0.078731 time=0.065848 fft=0.015183
step=8440 loss=0.075298 time=0.062780 fft=0.014752
step=8460 loss=0.086202 time=0.072167 fft=0.016541
step=8480 loss=0.083184 time=0.069148 fft=0.016541
step=8500 loss=0.078638 time=0.065617 fft=0.015345
step=8500 val_loss=0.079429
step=8520 loss=0.088427 time=0.074024 fft=0.016974
step=8540 loss=0.083003 time=0.069276 fft=0.016177
step=8560 loss=0.070773 time=0.059140 fft=0.013710
step=8580 loss=0.082385 time=0.068644 fft=0.016193
step=8600 loss=0.077373 time=0.064782 fft=0.014839
step=8620 loss=0.093294 time=0.077729 fft=0.018343
step=8640 loss=0.086047 time=0.071936 fft=0.016630
step=8660 loss=0.082083 time=0.068686 fft=0.015789
step=8680 loss=0.075720 time=0.063675 fft=0.014195
step=8700 loss=0.077623 time=0.064895 fft=0.015000
step=8720 loss=0.081983 time=0.068096 fft=0.016366
step=8740 loss=0.089467 time=0.074840 fft=0.017237
step=8760 loss=0.075991 time=0.063655 fft=0.014538
step=8780 loss=0.077168 time=0.064396 fft=0.015052
step=8800 loss=0.074609 time=0.062485 fft=0.014288
step=8820 loss=0.083696 time=0.069909 fft=0.016248
step=8840 loss=0.086101 time=0.071927 fft=0.016704
step=8860 loss=0.074556 time=0.062679 fft=0.013996
step=8880 loss=0.080379 time=0.067088 fft=0.015663
step=8900 loss=0.087319 time=0.072638 fft=0.017302
step=8920 loss=0.087197 time=0.073003 fft=0.016729
step=8940 loss=0.079318 time=0.066120 fft=0.015554
step=8960 loss=0.082408 time=0.068756 fft=0.016089
step=8980 loss=0.075144 time=0.062650 fft=0.014723
step=9000 loss=0.082282 time=0.069142 fft=0.015487
step=9000 val_loss=0.079696
step=9020 loss=0.084211 time=0.070375 fft=0.016306
step=9040 loss=0.077172 time=0.064212 fft=0.015274
step=9060 loss=0.082919 time=0.069393 fft=0.015940
step=9080 loss=0.076270 time=0.063552 fft=0.014989
step=9100 loss=0.076409 time=0.063789 fft=0.014872
step=9120 loss=0.081520 time=0.068230 fft=0.015662
step=9140 loss=0.083970 time=0.070207 fft=0.016221
step=9160 loss=0.082368 time=0.068749 fft=0.016051
step=9180 loss=0.084013 time=0.070084 fft=0.016415
step=9200 loss=0.073078 time=0.060869 fft=0.014389
step=9220 loss=0.079235 time=0.066214 fft=0.015345
step=9240 loss=0.083278 time=0.070036 fft=0.015606
step=9260 loss=0.084152 time=0.070288 fft=0.016340
step=9280 loss=0.082515 time=0.069170 fft=0.015728
step=9300 loss=0.075475 time=0.063257 fft=0.014399
step=9320 loss=0.085128 time=0.071429 fft=0.016145
step=9340 loss=0.076656 time=0.063858 fft=0.015082
step=9360 loss=0.086177 time=0.071743 fft=0.017011
step=9380 loss=0.074827 time=0.062424 fft=0.014618
step=9400 loss=0.083817 time=0.069996 fft=0.016288
step=9420 loss=0.087843 time=0.072921 fft=0.017587
step=9440 loss=0.069523 time=0.058084 fft=0.013480
step=9460 loss=0.077557 time=0.064847 fft=0.014979
step=9480 loss=0.093727 time=0.078675 fft=0.017739
step=9500 loss=0.079956 time=0.066615 fft=0.015722
step=9500 val_loss=0.080142
step=9520 loss=0.077524 time=0.064524 fft=0.015321
step=9540 loss=0.089036 time=0.074177 fft=0.017512
step=9560 loss=0.080902 time=0.068014 fft=0.015189
step=9580 loss=0.078409 time=0.065624 fft=0.015067
step=9600 loss=0.080169 time=0.066847 fft=0.015700
step=9620 loss=0.077447 time=0.064620 fft=0.015116
step=9640 loss=0.086596 time=0.072386 fft=0.016746
step=9660 loss=0.072102 time=0.060255 fft=0.013961
step=9680 loss=0.075555 time=0.063188 fft=0.014575
step=9700 loss=0.080605 time=0.067317 fft=0.015659
step=9720 loss=0.075844 time=0.063677 fft=0.014339
step=9740 loss=0.071358 time=0.060155 fft=0.013203
step=9760 loss=0.079161 time=0.066006 fft=0.015503
step=9780 loss=0.083190 time=0.069385 fft=0.016269
step=9800 loss=0.078006 time=0.065081 fft=0.015232
step=9820 loss=0.077475 time=0.064358 fft=0.015459
step=9840 loss=0.089627 time=0.074643 fft=0.017658
step=9860 loss=0.074160 time=0.062037 fft=0.014286
step=9880 loss=0.082227 time=0.068194 fft=0.016538
step=9900 loss=0.079428 time=0.066243 fft=0.015538
step=9920 loss=0.075495 time=0.063104 fft=0.014603
step=9940 loss=0.074805 time=0.062502 fft=0.014499
step=9960 loss=0.085467 time=0.071224 fft=0.016785
step=9980 loss=0.081596 time=0.068167 fft=0.015825
step=10000 loss=0.081936 time=0.068009 fft=0.016413
step=10000 val_loss=0.078807
Finished 10000 steps on cuda; checkpoints: outputs/stock_condition_diffusion_may2026
